{"awsAccountId":"123456789012","ARN":"arn:aws:ec2:us-east-1:123456789012:instance/i-0123456789abcdef0","availabilityZone":"us-east-1a","awsRegion":"us-east-1","configuration":{"instanceType":"t2.micro","imageId":"ami-12345678","keyName":"my-key-pair","subnetId":"subnet-0123456789abcdef0","securityGroupIds":["sg-0123456789abcdef0"],"iamInstanceProfile":{"arn":"arn:aws:iam::123456789012:instance-profile/example-instance-profile","id":"ABCDEFGHIJKLMNOPQR"}},"configurationItemCaptureTime":"2024-05-09T12:00:00Z","configurationItemStatus":"OK","configurationItemVersion":"1.3","configurationStateId":159237826548,"resourceId":"i-0123456789abcdef0","resourceName":"ExampleInstance","resourceType":"AWS::EC2::Instance","supplementaryConfiguration":{},"tags":{"Environment":"Production","Name":"ExampleInstance"}}
{"awsAccountId":"123456789012","ARN":"arn:aws:ec2:us-west-1:123456789012:instance/i-0987654321fedcba0","availabilityZone":"us-west-1a","awsRegion":"us-west-1","configuration":{"instanceType":"m5.large","imageId":"ami-87654321","keyName":"another-key-pair","subnetId":"subnet-9876543210abcdef0","securityGroupIds":["sg-9876543210abcdef0"],"iamInstanceProfile":{"arn":"arn:aws:iam::123456789012:instance-profile/another-instance-profile","id":"WXYZABCDEFGHIJK"}},"configurationItemCaptureTime":"2024-05-09T12:10:00Z","configurationItemStatus":"OK","configurationItemVersion":"1.3","configurationStateId":159237826549,"resourceId":"i-0987654321fedcba0","resourceName":"AnotherInstance","resourceType":"AWS::EC2::Instance","supplementaryConfiguration":{},"tags":{"Environment":"Development","Name":"AnotherInstance"}}
{"awsAccountId":"123456789012","ARN":"arn:aws:ec2:us-east-2:123456789012:instance/i-abcdef01234567890","availabilityZone":"us-east-2a","awsRegion":"us-east-2","configuration":{"instanceType":"c5.xlarge","imageId":"ami-abcdef01","keyName":"third-key-pair","subnetId":"subnet-abcdef01234567890","securityGroupIds":["sg-abcdef01234567890"],"iamInstanceProfile":{"arn":"arn:aws:iam::123456789012:instance-profile/yet-another-instance-profile","id":"LMNOPQRSTUVWXYZ"}},"configurationItemCaptureTime":"2024-05-09T12:20:00Z","configurationItemStatus":"OK","configurationItemVersion":"1.3","configurationStateId":159237826550,"resourceId":"i-abcdef01234567890","resourceName":"YetAnotherInstance","resourceType":"AWS::EC2::Instance","supplementaryConfiguration":{},"tags":{"Environment":"Staging","Name":"YetAnotherInstance"}}
