{"text":"Lorem ipsum dolor sit amet, consectetur adipiscing elit, sed do eiusmod tempor\n"}
{"text":"incididunt ut labore et dolore magna aliqua. Ut enim ad minim veniam, quis\n"}
{"text":"nostrud exercitation ullamco laboris nisi ut aliquip ex ea commodo consequat.\n"}
{"text":"Duis aute irure dolor in reprehenderit in voluptate velit esse cillum dolore\n"}
{"text":"eu fugiat nulla pariatur. Excepteur sint occaecat cupidatat non proident, sunt\n"}
{"text":"in culpa qui officia deserunt mollit anim id est laborum.\n"}
{"text":"\n"}
{"text":"\n"}
