{"a":"1","b":"2"}
{"a":"hello","b":"world","c":"nope"}
{"a":"24\"","b":"test\\help"}
