{"a":"1","b":"2"}
{"a":"hello","b":"world","c":"nope"}
{"a":"a"}
